[0.000000] (-) TimerEvent: {}
[0.000948] (-) JobUnselected: {'identifier': 'balance_hw_interfaces'}
[0.001760] (balance_hw) JobQueued: {'identifier': 'balance_hw', 'dependencies': OrderedDict({'balance_hw_interfaces': '/home/mmcgraw/Projects/balance_bot/install/balance_hw_interfaces'})}
[0.001898] (balance_hw) JobStarted: {'identifier': 'balance_hw'}
[0.054775] (balance_hw) JobProgress: {'identifier': 'balance_hw', 'progress': 'cmake'}
[0.063052] (balance_hw) JobProgress: {'identifier': 'balance_hw', 'progress': 'build'}
[0.066227] (balance_hw) Command: {'cmd': ['/usr/bin/cmake', '--build', '/home/mmcgraw/Projects/balance_bot/build/balance_hw', '--', '-j4', '-l4'], 'cwd': '/home/mmcgraw/Projects/balance_bot/build/balance_hw', 'env': OrderedDict({'LESSOPEN': '| /usr/bin/lesspipe %s', 'USER': 'mmcgraw', 'SSH_CLIENT': '2601:602:867f:a290:b46b:93db:f869:aeb2 55284 22', 'XDG_SESSION_TYPE': 'tty', 'SHLVL': '1', 'LD_LIBRARY_PATH': '/home/mmcgraw/Projects/balance_bot/install/balance_hw_interfaces/lib:/opt/ros/jazzy/lib/aarch64-linux-gnu:/opt/ros/jazzy/lib', 'HOME': '/home/mmcgraw', 'OLDPWD': '/home/mmcgraw/Projects/balance_bot/src', 'SSH_TTY': '/dev/pts/0', 'ROS_PYTHON_VERSION': '3', 'DBUS_SESSION_BUS_ADDRESS': 'unix:path=/run/user/1000/bus', 'COLCON_PREFIX_PATH': '/home/mmcgraw/Projects/balance_bot/install', 'ROS_DISTRO': 'jazzy', 'LOGNAME': 'mmcgraw', '_': '/usr/bin/colcon', 'ROS_VERSION': '2', 'XDG_SESSION_CLASS': 'user', 'TERM': 'xterm-256color', 'XDG_SESSION_ID': '2', 'PATH': '/opt/ros/jazzy/bin:/usr/local/sbin:/usr/local/bin:/usr/sbin:/usr/bin:/sbin:/bin:/usr/games:/usr/local/games:/snap/bin', 'XDG_RUNTIME_DIR': '/run/user/1000', 'LANG': 'en_US.UTF-8', 'LS_COLORS': 'rs=0:di=01;34:ln=01;36:mh=00:pi=40;33:so=01;35:do=01;35:bd=40;33;01:cd=40;33;01:or=40;31;01:mi=00:su=37;41:sg=30;43:ca=00:tw=30;42:ow=34;42:st=37;44:ex=01;32:*.tar=01;31:*.tgz=01;31:*.arc=01;31:*.arj=01;31:*.taz=01;31:*.lha=01;31:*.lz4=01;31:*.lzh=01;31:*.lzma=01;31:*.tlz=01;31:*.txz=01;31:*.tzo=01;31:*.t7z=01;31:*.zip=01;31:*.z=01;31:*.dz=01;31:*.gz=01;31:*.lrz=01;31:*.lz=01;31:*.lzo=01;31:*.xz=01;31:*.zst=01;31:*.tzst=01;31:*.bz2=01;31:*.bz=01;31:*.tbz=01;31:*.tbz2=01;31:*.tz=01;31:*.deb=01;31:*.rpm=01;31:*.jar=01;31:*.war=01;31:*.ear=01;31:*.sar=01;31:*.rar=01;31:*.alz=01;31:*.ace=01;31:*.zoo=01;31:*.cpio=01;31:*.7z=01;31:*.rz=01;31:*.cab=01;31:*.wim=01;31:*.swm=01;31:*.dwm=01;31:*.esd=01;31:*.avif=01;35:*.jpg=01;35:*.jpeg=01;35:*.mjpg=01;35:*.mjpeg=01;35:*.gif=01;35:*.bmp=01;35:*.pbm=01;35:*.pgm=01;35:*.ppm=01;35:*.tga=01;35:*.xbm=01;35:*.xpm=01;35:*.tif=01;35:*.tiff=01;35:*.png=01;35:*.svg=01;35:*.svgz=01;35:*.mng=01;35:*.pcx=01;35:*.mov=01;35:*.mpg=01;35:*.mpeg=01;35:*.m2v=01;35:*.mkv=01;35:*.webm=01;35:*.webp=01;35:*.ogm=01;35:*.mp4=01;35:*.m4v=01;35:*.mp4v=01;35:*.vob=01;35:*.qt=01;35:*.nuv=01;35:*.wmv=01;35:*.asf=01;35:*.rm=01;35:*.rmvb=01;35:*.flc=01;35:*.avi=01;35:*.fli=01;35:*.flv=01;35:*.gl=01;35:*.dl=01;35:*.xcf=01;35:*.xwd=01;35:*.yuv=01;35:*.cgm=01;35:*.emf=01;35:*.ogv=01;35:*.ogx=01;35:*.aac=00;36:*.au=00;36:*.flac=00;36:*.m4a=00;36:*.mid=00;36:*.midi=00;36:*.mka=00;36:*.mp3=00;36:*.mpc=00;36:*.ogg=00;36:*.ra=00;36:*.wav=00;36:*.oga=00;36:*.opus=00;36:*.spx=00;36:*.xspf=00;36:*~=00;90:*#=00;90:*.bak=00;90:*.crdownload=00;90:*.dpkg-dist=00;90:*.dpkg-new=00;90:*.dpkg-old=00;90:*.dpkg-tmp=00;90:*.old=00;90:*.orig=00;90:*.part=00;90:*.rej=00;90:*.rpmnew=00;90:*.rpmorig=00;90:*.rpmsave=00;90:*.swp=00;90:*.tmp=00;90:*.ucf-dist=00;90:*.ucf-new=00;90:*.ucf-old=00;90:', 'AMENT_PREFIX_PATH': '/home/mmcgraw/Projects/balance_bot/install/balance_hw_interfaces:/home/mmcgraw/Projects/balance_bot/install/balance_hw:/opt/ros/jazzy', 'SHELL': '/bin/bash', 'LESSCLOSE': '/usr/bin/lesspipe %s %s', 'ROS_AUTOMATIC_DISCOVERY_RANGE': 'SUBNET', 'PWD': '/home/mmcgraw/Projects/balance_bot/build/balance_hw', 'LC_ALL': 'en_US.UTF-8', 'SSH_CONNECTION': '2601:602:867f:a290:b46b:93db:f869:aeb2 55284 2601:602:867f:a290:da3a:ddff:feb7:2f83 22', 'XDG_DATA_DIRS': '/usr/local/share:/usr/share:/var/lib/snapd/desktop', 'PYTHONPATH': '/home/mmcgraw/Projects/balance_bot/install/balance_hw_interfaces/lib/python3.12/site-packages:/opt/ros/jazzy/lib/python3.12/site-packages', 'COLCON': '1', 'CMAKE_PREFIX_PATH': '/home/mmcgraw/Projects/balance_bot/install/balance_hw_interfaces:/home/mmcgraw/Projects/balance_bot/install/balance_hw'}), 'shell': False}
[0.099325] (-) TimerEvent: {}
[0.200085] (-) TimerEvent: {}
[0.258024] (balance_hw) StdoutLine: {'line': b'-- Found ament_cmake: 2.5.5 (/opt/ros/jazzy/share/ament_cmake/cmake)\n'}
[0.300277] (-) TimerEvent: {}
[0.401323] (-) TimerEvent: {}
[0.502093] (-) TimerEvent: {}
[0.603008] (-) TimerEvent: {}
[0.703855] (-) TimerEvent: {}
[0.804648] (-) TimerEvent: {}
[0.905426] (-) TimerEvent: {}
[1.006110] (-) TimerEvent: {}
[1.106908] (-) TimerEvent: {}
[1.207958] (-) TimerEvent: {}
[1.281758] (balance_hw) StdoutLine: {'line': b'-- Found rclcpp: 28.1.16 (/opt/ros/jazzy/share/rclcpp/cmake)\n'}
[1.308129] (-) TimerEvent: {}
[1.408902] (-) TimerEvent: {}
[1.416094] (balance_hw) StdoutLine: {'line': b'-- Found rosidl_generator_c: 4.6.7 (/opt/ros/jazzy/share/rosidl_generator_c/cmake)\n'}
[1.457250] (balance_hw) StdoutLine: {'line': b'-- Found rosidl_generator_cpp: 4.6.7 (/opt/ros/jazzy/share/rosidl_generator_cpp/cmake)\n'}
[1.506153] (balance_hw) StdoutLine: {'line': b'-- Using all available rosidl_typesupport_c: rosidl_typesupport_fastrtps_c;rosidl_typesupport_introspection_c\n'}
[1.509048] (-) TimerEvent: {}
[1.563343] (balance_hw) StdoutLine: {'line': b'-- Using all available rosidl_typesupport_cpp: rosidl_typesupport_fastrtps_cpp;rosidl_typesupport_introspection_cpp\n'}
[1.609229] (-) TimerEvent: {}
[1.709894] (-) TimerEvent: {}
[1.810576] (-) TimerEvent: {}
[1.860473] (balance_hw) StdoutLine: {'line': b'-- Found rmw_implementation_cmake: 7.3.3 (/opt/ros/jazzy/share/rmw_implementation_cmake/cmake)\n'}
[1.874556] (balance_hw) StdoutLine: {'line': b'-- Found rmw_fastrtps_cpp: 8.4.3 (/opt/ros/jazzy/share/rmw_fastrtps_cpp/cmake)\n'}
[1.910761] (-) TimerEvent: {}
[2.011444] (-) TimerEvent: {}
[2.112244] (-) TimerEvent: {}
[2.208275] (balance_hw) StdoutLine: {'line': b"-- Using RMW implementation 'rmw_fastrtps_cpp' as default\n"}
[2.212373] (-) TimerEvent: {}
[2.312977] (-) TimerEvent: {}
[2.413753] (-) TimerEvent: {}
[2.514460] (-) TimerEvent: {}
[2.549893] (balance_hw) StdoutLine: {'line': b'-- Found std_msgs: 5.3.6 (/opt/ros/jazzy/share/std_msgs/cmake)\n'}
[2.614649] (-) TimerEvent: {}
[2.629884] (balance_hw) StdoutLine: {'line': b'-- Found std_srvs: 5.3.6 (/opt/ros/jazzy/share/std_srvs/cmake)\n'}
[2.714834] (-) TimerEvent: {}
[2.715464] (balance_hw) StdoutLine: {'line': b'-- Found balance_hw_interfaces: 0.0.0 (/home/mmcgraw/Projects/balance_bot/install/balance_hw_interfaces/share/balance_hw_interfaces/cmake)\n'}
[2.775802] (balance_hw) StdoutLine: {'line': b'-- Found ament_lint_auto: 0.17.4 (/opt/ros/jazzy/share/ament_lint_auto/cmake)\n'}
[2.814970] (-) TimerEvent: {}
[2.915594] (-) TimerEvent: {}
[3.016245] (-) TimerEvent: {}
[3.084922] (balance_hw) StderrLine: {'line': b"Error parsing '/home/mmcgraw/Projects/balance_bot/src/balance_hw/package.xml':\n"}
[3.116416] (-) TimerEvent: {}
[3.217096] (-) TimerEvent: {}
[3.317817] (-) TimerEvent: {}
[3.418548] (-) TimerEvent: {}
[3.519689] (-) TimerEvent: {}
[3.620435] (-) TimerEvent: {}
[3.727605] (-) TimerEvent: {}
[3.828386] (-) TimerEvent: {}
[3.929128] (-) TimerEvent: {}
[4.030087] (-) TimerEvent: {}
[4.130846] (-) TimerEvent: {}
[4.231918] (-) TimerEvent: {}
[4.332896] (-) TimerEvent: {}
[4.433632] (-) TimerEvent: {}
[4.534353] (-) TimerEvent: {}
[4.635198] (-) TimerEvent: {}
[4.735976] (-) TimerEvent: {}
[4.836681] (-) TimerEvent: {}
[4.937382] (-) TimerEvent: {}
[5.038138] (-) TimerEvent: {}
[5.138882] (-) TimerEvent: {}
[5.239633] (-) TimerEvent: {}
[5.340342] (-) TimerEvent: {}
[5.441099] (-) TimerEvent: {}
[5.541839] (-) TimerEvent: {}
[5.642541] (-) TimerEvent: {}
[5.743201] (-) TimerEvent: {}
[5.844148] (-) TimerEvent: {}
[5.945727] (-) TimerEvent: {}
[6.047099] (-) TimerEvent: {}
[6.148819] (-) TimerEvent: {}
[6.250215] (-) TimerEvent: {}
[6.351754] (-) TimerEvent: {}
[6.453166] (-) TimerEvent: {}
[6.554868] (-) TimerEvent: {}
[6.656937] (-) TimerEvent: {}
[6.758654] (-) TimerEvent: {}
[6.860247] (-) TimerEvent: {}
[6.961794] (-) TimerEvent: {}
[7.063173] (-) TimerEvent: {}
[7.164722] (-) TimerEvent: {}
[7.266454] (-) TimerEvent: {}
[7.368212] (-) TimerEvent: {}
[7.469849] (-) TimerEvent: {}
[7.571190] (-) TimerEvent: {}
[7.672678] (-) TimerEvent: {}
[7.774062] (-) TimerEvent: {}
[7.875807] (-) TimerEvent: {}
[7.977408] (-) TimerEvent: {}
[8.078978] (-) TimerEvent: {}
[8.180310] (-) TimerEvent: {}
[8.281735] (-) TimerEvent: {}
[8.383057] (-) TimerEvent: {}
[8.484855] (-) TimerEvent: {}
[8.586427] (-) TimerEvent: {}
[8.687933] (-) TimerEvent: {}
[8.789321] (-) TimerEvent: {}
[8.890859] (-) TimerEvent: {}
[8.992144] (-) TimerEvent: {}
[9.093790] (-) TimerEvent: {}
[9.195476] (-) TimerEvent: {}
[9.297331] (-) TimerEvent: {}
[9.399036] (-) TimerEvent: {}
[9.500382] (-) TimerEvent: {}
[9.602004] (-) TimerEvent: {}
[9.703368] (-) TimerEvent: {}
[9.804868] (-) TimerEvent: {}
[9.906933] (-) TimerEvent: {}
[10.008780] (-) TimerEvent: {}
[10.110041] (-) TimerEvent: {}
[10.211638] (-) TimerEvent: {}
[10.312898] (-) TimerEvent: {}
[10.414657] (-) TimerEvent: {}
[10.516398] (-) TimerEvent: {}
[10.618022] (-) TimerEvent: {}
[10.719599] (-) TimerEvent: {}
[10.820959] (-) TimerEvent: {}
[10.922349] (-) TimerEvent: {}
[11.024013] (-) TimerEvent: {}
[11.125828] (-) TimerEvent: {}
[11.227210] (-) TimerEvent: {}
[11.328251] (-) TimerEvent: {}
[11.429290] (-) TimerEvent: {}
[11.530166] (-) TimerEvent: {}
[11.631594] (-) TimerEvent: {}
[11.732197] (-) TimerEvent: {}
[11.832900] (-) TimerEvent: {}
[11.933604] (-) TimerEvent: {}
[12.034465] (-) TimerEvent: {}
[12.135773] (-) TimerEvent: {}
[12.236539] (-) TimerEvent: {}
[12.337650] (-) TimerEvent: {}
[12.439097] (-) TimerEvent: {}
[12.539721] (-) TimerEvent: {}
[12.640640] (-) TimerEvent: {}
[12.742130] (-) TimerEvent: {}
[12.843422] (-) TimerEvent: {}
[12.944379] (-) TimerEvent: {}
[13.046176] (-) TimerEvent: {}
[13.147560] (-) TimerEvent: {}
[13.248182] (-) TimerEvent: {}
[13.349116] (-) TimerEvent: {}
[13.450911] (-) TimerEvent: {}
[13.552713] (-) TimerEvent: {}
[13.653890] (-) TimerEvent: {}
[13.755118] (-) TimerEvent: {}
[13.856743] (-) TimerEvent: {}
[13.958417] (-) TimerEvent: {}
[14.059905] (-) TimerEvent: {}
[14.161640] (-) TimerEvent: {}
[14.262988] (-) TimerEvent: {}
[14.364715] (-) TimerEvent: {}
[14.466353] (-) TimerEvent: {}
[14.567923] (-) TimerEvent: {}
[14.668564] (-) TimerEvent: {}
[14.769646] (-) TimerEvent: {}
[14.870907] (-) TimerEvent: {}
[14.971851] (-) TimerEvent: {}
[15.072955] (-) TimerEvent: {}
[15.173834] (-) TimerEvent: {}
[15.275178] (-) TimerEvent: {}
[15.376657] (-) TimerEvent: {}
[15.478073] (-) TimerEvent: {}
[15.579100] (-) TimerEvent: {}
[15.680784] (-) TimerEvent: {}
[15.781988] (-) TimerEvent: {}
[15.883080] (-) TimerEvent: {}
[15.984021] (-) TimerEvent: {}
[16.085329] (-) TimerEvent: {}
[16.186549] (-) TimerEvent: {}
[16.287460] (-) TimerEvent: {}
[16.388741] (-) TimerEvent: {}
[16.489859] (-) TimerEvent: {}
[16.591730] (-) TimerEvent: {}
[16.693164] (-) TimerEvent: {}
[16.794661] (-) TimerEvent: {}
[16.896289] (-) TimerEvent: {}
[16.997557] (-) TimerEvent: {}
[17.098430] (-) TimerEvent: {}
[17.199956] (-) TimerEvent: {}
[17.300853] (-) TimerEvent: {}
[17.402224] (-) TimerEvent: {}
[17.503135] (-) TimerEvent: {}
[17.604368] (-) TimerEvent: {}
[17.705378] (-) TimerEvent: {}
[17.806932] (-) TimerEvent: {}
[17.907817] (-) TimerEvent: {}
[18.009153] (-) TimerEvent: {}
[18.110435] (-) TimerEvent: {}
[18.211387] (-) TimerEvent: {}
[18.312666] (-) TimerEvent: {}
[18.413431] (-) TimerEvent: {}
[18.514369] (-) TimerEvent: {}
[18.615634] (-) TimerEvent: {}
[18.716594] (-) TimerEvent: {}
[18.817774] (-) TimerEvent: {}
[18.919218] (-) TimerEvent: {}
[19.020163] (-) TimerEvent: {}
[19.121665] (-) TimerEvent: {}
[19.222897] (-) TimerEvent: {}
[19.323861] (-) TimerEvent: {}
[19.425027] (-) TimerEvent: {}
[19.525767] (-) TimerEvent: {}
[19.627079] (-) TimerEvent: {}
[19.728007] (-) TimerEvent: {}
[19.829894] (-) TimerEvent: {}
[19.931680] (-) TimerEvent: {}
[19.982767] (balance_hw) StderrLine: {'line': b'Traceback (most recent call last):\n'}
[19.983741] (balance_hw) StderrLine: {'line': b'  File "/usr/lib/python3/dist-packages/catkin_pkg/package.py", line 610, in parse_package_string\n'}
[19.984169] (balance_hw) StderrLine: {'line': b'    root = dom.parseString(data)\n'}
[19.984814] (balance_hw) StderrLine: {'line': b'           ^^^^^^^^^^^^^^^^^^^^^\n'}
[19.985285] (balance_hw) StderrLine: {'line': b'  File "/usr/lib/python3.12/xml/dom/minidom.py", line 1995, in parseString\n'}
[19.985941] (balance_hw) StderrLine: {'line': b'    return expatbuilder.parseString(string)\n'}
[19.987045] (balance_hw) StderrLine: {'line': b'           ^^^^^^^^^^^^^^^^^^^^^^^^^^^^^^^^\n'}
[19.987934] (balance_hw) StderrLine: {'line': b'  File "/usr/lib/python3.12/xml/dom/expatbuilder.py", line 922, in parseString\n'}
[19.988453] (balance_hw) StderrLine: {'line': b'    return builder.parseString(string)\n'}
[19.988985] (balance_hw) StderrLine: {'line': b'           ^^^^^^^^^^^^^^^^^^^^^^^^^^^\n'}
[19.989401] (balance_hw) StderrLine: {'line': b'  File "/usr/lib/python3.12/xml/dom/expatbuilder.py", line 220, in parseString\n'}
[19.989864] (balance_hw) StderrLine: {'line': b'    parser.Parse(string, True)\n'}
[19.990262] (balance_hw) StderrLine: {'line': b'xml.parsers.expat.ExpatError: mismatched tag: line 16, column 33\n'}
[19.990676] (balance_hw) StderrLine: {'line': b'\n'}
[19.991077] (balance_hw) StderrLine: {'line': b'During handling of the above exception, another exception occurred:\n'}
[19.991509] (balance_hw) StderrLine: {'line': b'\n'}
[19.991996] (balance_hw) StderrLine: {'line': b'Traceback (most recent call last):\n'}
[19.992408] (balance_hw) StderrLine: {'line': b'  File "/opt/ros/jazzy/share/ament_cmake_core/cmake/core/package_xml_2_cmake.py", line 150, in <module>\n'}
[19.992933] (balance_hw) StderrLine: {'line': b'    main()\n'}
[19.993340] (balance_hw) StderrLine: {'line': b'  File "/opt/ros/jazzy/share/ament_cmake_core/cmake/core/package_xml_2_cmake.py", line 53, in main\n'}
[19.993792] (balance_hw) StderrLine: {'line': b'    raise e\n'}
[19.994193] (balance_hw) StderrLine: {'line': b'  File "/opt/ros/jazzy/share/ament_cmake_core/cmake/core/package_xml_2_cmake.py", line 49, in main\n'}
[19.994611] (balance_hw) StderrLine: {'line': b'    package = parse_package_string(\n'}
[19.995015] (balance_hw) StderrLine: {'line': b'              ^^^^^^^^^^^^^^^^^^^^^\n'}
[19.995596] (balance_hw) StderrLine: {'line': b'  File "/usr/lib/python3/dist-packages/catkin_pkg/package.py", line 612, in parse_package_string\n'}
[19.996828] (balance_hw) StderrLine: {'line': b"    raise InvalidPackage('The manifest contains invalid XML:\\n%s' % ex, filename)\n"}
[19.997848] (balance_hw) StderrLine: {'line': b"catkin_pkg.package.InvalidPackage: Error(s) in package '/home/mmcgraw/Projects/balance_bot/src/balance_hw/package.xml':\n"}
[19.998928] (balance_hw) StderrLine: {'line': b'The manifest contains invalid XML:\n'}
[19.999983] (balance_hw) StderrLine: {'line': b'mismatched tag: line 16, column 33\n'}
[20.031924] (-) TimerEvent: {}
[20.133057] (-) TimerEvent: {}
[20.168036] (balance_hw) StderrLine: {'line': b'\x1b[31mCMake Error at /opt/ros/jazzy/share/ament_cmake_core/cmake/core/ament_package_xml.cmake:95 (message):\n'}
[20.168874] (balance_hw) StderrLine: {'line': b'  execute_process(/usr/bin/python3\n'}
[20.169348] (balance_hw) StderrLine: {'line': b'  /opt/ros/jazzy/share/ament_cmake_core/cmake/core/package_xml_2_cmake.py\n'}
[20.169798] (balance_hw) StderrLine: {'line': b'  /home/mmcgraw/Projects/balance_bot/src/balance_hw/package.xml\n'}
[20.170204] (balance_hw) StderrLine: {'line': b'  /home/mmcgraw/Projects/balance_bot/build/balance_hw/ament_cmake_core/package.cmake)\n'}
[20.170669] (balance_hw) StderrLine: {'line': b'  returned error code 1\n'}
[20.171109] (balance_hw) StderrLine: {'line': b'Call Stack (most recent call first):\n'}
[20.171584] (balance_hw) StderrLine: {'line': b'  /opt/ros/jazzy/share/ament_cmake_core/cmake/core/ament_package_xml.cmake:49 (_ament_package_xml)\n'}
[20.172080] (balance_hw) StderrLine: {'line': b'  /opt/ros/jazzy/share/ament_lint_auto/cmake/ament_lint_auto_find_test_dependencies.cmake:31 (ament_package_xml)\n'}
[20.172535] (balance_hw) StderrLine: {'line': b'  CMakeLists.txt:25 (ament_lint_auto_find_test_dependencies)\n'}
[20.172975] (balance_hw) StderrLine: {'line': b'\n'}
[20.173385] (balance_hw) StderrLine: {'line': b'\x1b[0m\n'}
[20.174012] (balance_hw) StdoutLine: {'line': b'-- Configuring incomplete, errors occurred!\n'}
[20.201736] (balance_hw) StderrLine: {'line': b'gmake: *** [Makefile:267: cmake_check_build_system] Error 1\n'}
[20.209222] (balance_hw) CommandEnded: {'returncode': 2}
[20.210264] (balance_hw) JobEnded: {'identifier': 'balance_hw', 'rc': 2}
[20.221043] (-) EventReactorShutdown: {}
