[0.079s] Invoking command in '/home/mmcgraw/Projects/balance_bot/build/balance_hw': /usr/bin/cmake --build /home/mmcgraw/Projects/balance_bot/build/balance_hw -- -j4 -l4
[0.258s] -- Found ament_cmake: 2.5.5 (/opt/ros/jazzy/share/ament_cmake/cmake)
[1.280s] -- Found rclcpp: 28.1.16 (/opt/ros/jazzy/share/rclcpp/cmake)
[1.415s] -- Found rosidl_generator_c: 4.6.7 (/opt/ros/jazzy/share/rosidl_generator_c/cmake)
[1.456s] -- Found rosidl_generator_cpp: 4.6.7 (/opt/ros/jazzy/share/rosidl_generator_cpp/cmake)
[1.505s] -- Using all available rosidl_typesupport_c: rosidl_typesupport_fastrtps_c;rosidl_typesupport_introspection_c
[1.562s] -- Using all available rosidl_typesupport_cpp: rosidl_typesupport_fastrtps_cpp;rosidl_typesupport_introspection_cpp
[1.859s] -- Found rmw_implementation_cmake: 7.3.3 (/opt/ros/jazzy/share/rmw_implementation_cmake/cmake)
[1.873s] -- Found rmw_fastrtps_cpp: 8.4.3 (/opt/ros/jazzy/share/rmw_fastrtps_cpp/cmake)
[2.207s] -- Using RMW implementation 'rmw_fastrtps_cpp' as default
[2.549s] -- Found std_msgs: 5.3.6 (/opt/ros/jazzy/share/std_msgs/cmake)
[2.628s] -- Found std_srvs: 5.3.6 (/opt/ros/jazzy/share/std_srvs/cmake)
[2.714s] -- Found balance_hw_interfaces: 0.0.0 (/home/mmcgraw/Projects/balance_bot/install/balance_hw_interfaces/share/balance_hw_interfaces/cmake)
[2.774s] -- Found ament_lint_auto: 0.17.4 (/opt/ros/jazzy/share/ament_lint_auto/cmake)
[3.084s] Error parsing '/home/mmcgraw/Projects/balance_bot/src/balance_hw/package.xml':
[19.982s] Traceback (most recent call last):
[19.982s]   File "/usr/lib/python3/dist-packages/catkin_pkg/package.py", line 610, in parse_package_string
[19.983s]     root = dom.parseString(data)
[19.983s]            ^^^^^^^^^^^^^^^^^^^^^
[19.984s]   File "/usr/lib/python3.12/xml/dom/minidom.py", line 1995, in parseString
[19.985s]     return expatbuilder.parseString(string)
[19.986s]            ^^^^^^^^^^^^^^^^^^^^^^^^^^^^^^^^
[19.986s]   File "/usr/lib/python3.12/xml/dom/expatbuilder.py", line 922, in parseString
[19.987s]     return builder.parseString(string)
[19.987s]            ^^^^^^^^^^^^^^^^^^^^^^^^^^^
[19.988s]   File "/usr/lib/python3.12/xml/dom/expatbuilder.py", line 220, in parseString
[19.988s]     parser.Parse(string, True)
[19.989s] xml.parsers.expat.ExpatError: mismatched tag: line 16, column 33
[19.989s] 
[19.989s] During handling of the above exception, another exception occurred:
[19.990s] 
[19.990s] Traceback (most recent call last):
[19.991s]   File "/opt/ros/jazzy/share/ament_cmake_core/cmake/core/package_xml_2_cmake.py", line 150, in <module>
[19.991s]     main()
[19.992s]   File "/opt/ros/jazzy/share/ament_cmake_core/cmake/core/package_xml_2_cmake.py", line 53, in main
[19.992s]     raise e
[19.993s]   File "/opt/ros/jazzy/share/ament_cmake_core/cmake/core/package_xml_2_cmake.py", line 49, in main
[19.993s]     package = parse_package_string(
[19.993s]               ^^^^^^^^^^^^^^^^^^^^^
[19.995s]   File "/usr/lib/python3/dist-packages/catkin_pkg/package.py", line 612, in parse_package_string
[19.996s]     raise InvalidPackage('The manifest contains invalid XML:\n%s' % ex, filename)
[19.997s] catkin_pkg.package.InvalidPackage: Error(s) in package '/home/mmcgraw/Projects/balance_bot/src/balance_hw/package.xml':
[19.998s] The manifest contains invalid XML:
[19.999s] mismatched tag: line 16, column 33
[20.167s] [31mCMake Error at /opt/ros/jazzy/share/ament_cmake_core/cmake/core/ament_package_xml.cmake:95 (message):
[20.167s]   execute_process(/usr/bin/python3
[20.168s]   /opt/ros/jazzy/share/ament_cmake_core/cmake/core/package_xml_2_cmake.py
[20.168s]   /home/mmcgraw/Projects/balance_bot/src/balance_hw/package.xml
[20.169s]   /home/mmcgraw/Projects/balance_bot/build/balance_hw/ament_cmake_core/package.cmake)
[20.169s]   returned error code 1
[20.169s] Call Stack (most recent call first):
[20.170s]   /opt/ros/jazzy/share/ament_cmake_core/cmake/core/ament_package_xml.cmake:49 (_ament_package_xml)
[20.170s]   /opt/ros/jazzy/share/ament_lint_auto/cmake/ament_lint_auto_find_test_dependencies.cmake:31 (ament_package_xml)
[20.171s]   CMakeLists.txt:25 (ament_lint_auto_find_test_dependencies)
[20.171s] 
[20.172s] [0m
[20.172s] -- Configuring incomplete, errors occurred!
[20.200s] gmake: *** [Makefile:267: cmake_check_build_system] Error 1
[20.208s] Invoked command in '/home/mmcgraw/Projects/balance_bot/build/balance_hw' returned '2': /usr/bin/cmake --build /home/mmcgraw/Projects/balance_bot/build/balance_hw -- -j4 -l4
